// Jest Snapshot v1, https://goo.gl/fbAQLP

exports[`Should render <Home/> Component should match <Home/> snapshot 1`] = `
<h3>
  Loading...
</h3>
`;
